// Jest Snapshot v1, https://goo.gl/fbAQLP

exports[`renders correctly 1`] = `
<div
  className="display"
>
  <p>
    473 / 11
  </p>
</div>
`;
